
> g1230-english-class@0.0.0 build
> tsc -b && vite build

src/App.tsx(1,1): error TS6133: 'React' is declared but its value is never read.
src/components/books/BookList.tsx(1,8): error TS6133: 'React' is declared but its value is never read.
src/components/books/BookList.tsx(3,42): error TS6133: 'Loader2' is declared but its value is never read.
src/components/editor/AnalysisSetupModal.tsx(1,8): error TS6133: 'React' is declared but its value is never read.
src/components/editor/PdfViewer.tsx(1,8): error TS6133: 'React' is declared but its value is never read.
src/components/layout/Layout.tsx(1,1): error TS6133: 'React' is declared but its value is never read.
src/components/layout/Sidebar.tsx(1,1): error TS6133: 'React' is declared but its value is never read.
src/components/report/Badge.tsx(25,11): error TS6133: 'labelSizes' is declared but its value is never read.
src/pages/BooksPage.tsx(1,1): error TS6133: 'React' is declared but its value is never read.
src/pages/GradingPage.tsx(199,99): error TS2339: Property 'page_number' does not exist on type '{ fullId: string; qNum: string; page: number; }'.
src/pages/GradingPage.tsx(217,19): error TS6133: 'totalValid' is declared but its value is never read.
